// Jest Snapshot v1, https://goo.gl/fbAQLP

exports[`Admin routes DELETE /admin/books/:book_id body match snapshot 1`] = `
Object {
  "code": 200,
  "data": Array [
    Object {
      "ISBN": "123-4-56-78910-1",
      "author": "TestAuth2",
      "editorial": "TestEditorial2",
      "genre": "TestGenre2",
      "id": 2,
      "image": "https://upload.wikimedia.org/wikipedia/commons/thumb/6/65/No-Image-Placeholder.svg/1200px-No-Image-Placeholder.svg.png",
      "name": "TestBook2",
      "pages_number": 123,
    },
  ],
  "msg": "Book deleted successfully",
}
`;

exports[`Admin routes DELETE /admin/users/user_id body match snapshot 1`] = `
Object {
  "code": 200,
  "data": Array [
    Object {
      "description": null,
      "email": "nonadmin2@test.com",
      "first_name": "TestFirstName2",
      "id": 2,
      "is_admin": false,
      "last_name": "TestLastName2",
      "profile_picture": "https://www.pavilionweb.com/wp-content/uploads/2017/03/man-300x300.png",
      "username": "TestUsername2",
    },
    Object {
      "description": null,
      "email": "testemail@test.com",
      "first_name": "TestFirstName",
      "id": 3,
      "is_admin": true,
      "last_name": "TestLastName",
      "profile_picture": "https://www.pavilionweb.com/wp-content/uploads/2017/03/man-300x300.png",
      "username": "TestAdmin",
    },
  ],
  "msg": "User deleted successfully",
}
`;
